<html>
<body>
<pre>
<h1>礦ision Build Log</h1>
<h2>Tool Versions:</h2>
IDE-Version: μVision V5.14.0.0
Copyright (C) 2015 ARM Ltd and ARM Germany GmbH. All rights reserved.
License Information: 1 1, 1, LIC=BUURY-I4RNY-SB6EJ-UFL7A-FE8B4-19HSU
 
Tool Versions:
Toolchain:       MDK-ARM Plus  Version: 5.14.0.0
Toolchain Path:  C:\Keil_v5\ARM\ARMCC\Bin
C Compiler:      Armcc.exe V5.05 update 1 (build 106)
Assembler:       Armasm.exe V5.05 update 1 (build 106)
Linker/Locator:  ArmLink.exe V5.05 update 1 (build 106)
Library Manager: ArmAr.exe V5.05 update 1 (build 106)
Hex Converter:   FromElf.exe V5.05 update 1 (build 106)
CPU DLL:         SARMCM3.DLL V5.14.0.0
Dialog DLL:      DCM.DLL V1.13.1.0
Target DLL:      STLink\ST-LINKIII-KEIL_SWO.dll V2.0.14.0_KEIL
Dialog DLL:      TCM.DLL V1.14.4.0
 
<h2>Project:</h2>
C:\Users\86156\Desktop\STUDY\automation\STM32\大创\MyTemplate2\USER\Template.uvprojx
Project File Date:  11/14/2021

<h2>Output:</h2>
Rebuild target 'Template'
compiling main.c...
pid.h(7): warning:  #1295-D: Deprecated declaration pid_realise - give arg types
  float pid_realise();//瀹炵幇PID绠楁硶   
pid.h(19): warning:  #1-D: last line of file ends without a newline
  #endif
main.c(20): warning:  #223-D: function "TIM3_Int_Init" declared implicitly
        TIM3_Int_Init(500-1,8400-1);//pid timer
main.c(23): warning:  #223-D: function "DS18B20_Init" declared implicitly
        while(DS18B20_Init())   //DS18B20初始化 
main.c(36): warning:  #223-D: function "DS18B20_Get_Temp" declared implicitly
                        temperature=DS18B20_Get_Temp(); 
main.c(11): warning:  #177-D: variable "i" was declared but never referenced
        u16 i=0;
main.c: 6 warnings, 0 errors
compiling stm32f4xx_it.c...
compiling system_stm32f4xx.c...
assembling startup_stm32f40_41xxx.s...
compiling misc.c...
compiling stm32f4xx_adc.c...
compiling stm32f4xx_can.c...
compiling stm32f4xx_crc.c...
compiling stm32f4xx_cryp.c...
compiling stm32f4xx_cryp_aes.c...
compiling stm32f4xx_cryp_des.c...
compiling stm32f4xx_cryp_tdes.c...
compiling stm32f4xx_dac.c...
compiling stm32f4xx_dbgmcu.c...
compiling stm32f4xx_dcmi.c...
compiling stm32f4xx_dma2d.c...
compiling stm32f4xx_dma.c...
compiling stm32f4xx_exti.c...
compiling stm32f4xx_flash.c...
compiling stm32f4xx_flash_ramfunc.c...
compiling stm32f4xx_fsmc.c...
compiling stm32f4xx_gpio.c...
compiling stm32f4xx_hash.c...
compiling stm32f4xx_hash_md5.c...
compiling stm32f4xx_hash_sha1.c...
compiling stm32f4xx_i2c.c...
compiling stm32f4xx_iwdg.c...
compiling stm32f4xx_ltdc.c...
compiling stm32f4xx_pwr.c...
compiling stm32f4xx_rcc.c...
compiling stm32f4xx_rng.c...
compiling stm32f4xx_rtc.c...
compiling stm32f4xx_sai.c...
compiling stm32f4xx_sdio.c...
compiling stm32f4xx_spi.c...
compiling stm32f4xx_syscfg.c...
compiling stm32f4xx_tim.c...
compiling stm32f4xx_usart.c...
compiling stm32f4xx_wwdg.c...
compiling delay.c...
compiling sys.c...
compiling usart.c...
..\USER\pid.h(7): warning:  #1295-D: Deprecated declaration pid_realise - give arg types
  float pid_realise();//瀹炵幇PID绠楁硶   
..\USER\pid.h(19): warning:  #1-D: last line of file ends without a newline
  #endif
..\SYSTEM\usart\usart.c(141): warning:  #223-D: function "delay_ms" declared implicitly
                delay_ms(5);
..\SYSTEM\usart\usart.c(162): warning:  #1035-D: single-precision operand implicitly converted to double-precision
                        set_temperature+=0.5;
..\SYSTEM\usart\usart.c(165): warning:  #1035-D: single-precision operand implicitly converted to double-precision
                        set_temperature-=0.5;
..\SYSTEM\usart\usart.c: 5 warnings, 0 errors
compiling ds18b20.c...
compiling pwm.c...
compiling lcd.c...
compiling timer.c...
..\USER\pid.h(7): warning:  #1295-D: Deprecated declaration pid_realise - give arg types
  float pid_realise();//瀹炵幇PID绠楁硶   
..\USER\pid.h(19): warning:  #1-D: last line of file ends without a newline
  #endif
..\HARDWARE\time3\timer.c: 2 warnings, 0 errors
compiling pid.c...
pid.h(7): warning:  #1295-D: Deprecated declaration pid_realise - give arg types
  float pid_realise();//瀹炵幇PID绠楁硶   
pid.h(19): warning:  #1-D: last line of file ends without a newline
  #endif
pid.c(38): warning:  #1-D: last line of file ends without a newline
  }
pid.c: 3 warnings, 0 errors
linking...
Program Size: Code=33956 RO-data=6572 RW-data=60 ZI-data=1684  
FromELF: creating hex file...
"..\OBJ\Template.axf" - 0 Error(s), 16 Warning(s).

<h2>Collection of Component include folders:</h2>
  C:\Users\86156\Desktop\STUDY\automation\STM32\大创\MyTemplate2\USER\RTE
  C:\Keil_v5\ARM\PACK\Keil\STM32F4xx_DFP\1.0.8\Device\Include

<h2>Collection of Component Files used:</h2>
</pre>
</body>
</html>
